// Jest Snapshot v1, https://goo.gl/fbAQLP

exports[`<Home> Home Page Container renders 1`] = `
Object {
  "asFragment": [Function],
  "baseElement": <body>
    <div>
      <div
        class="sc-iCoHVE jpsyLn"
        color="grey400"
      >
        <div
          class="sc-fujyUd jLtitf"
        >
          <h2
            class="sc-jSFkmK bUgUTJ"
          >
            Ola, queremos te ver #NOVERDE, para isso precisamos do seu CPF
          </h2>
          <div
            class="sc-gtssRu jQJSzM"
          >
            <input
              class="sc-eCApGN eSUYAQ"
              placeholder="Informe o seu CPF"
            />
          </div>
          <button
            class="sc-bdnylx kKDxdW"
            color="primary"
            data-testid="go-to-seller"
            disabled=""
            type="button"
          >
            PROXIMO
          </button>
        </div>
      </div>
    </div>
  </body>,
  "container": <div>
    <div
      class="sc-iCoHVE jpsyLn"
      color="grey400"
    >
      <div
        class="sc-fujyUd jLtitf"
      >
        <h2
          class="sc-jSFkmK bUgUTJ"
        >
          Ola, queremos te ver #NOVERDE, para isso precisamos do seu CPF
        </h2>
        <div
          class="sc-gtssRu jQJSzM"
        >
          <input
            class="sc-eCApGN eSUYAQ"
            placeholder="Informe o seu CPF"
          />
        </div>
        <button
          class="sc-bdnylx kKDxdW"
          color="primary"
          data-testid="go-to-seller"
          disabled=""
          type="button"
        >
          PROXIMO
        </button>
      </div>
    </div>
  </div>,
  "debug": [Function],
  "findAllByAltText": [Function],
  "findAllByDisplayValue": [Function],
  "findAllByLabelText": [Function],
  "findAllByPlaceholderText": [Function],
  "findAllByRole": [Function],
  "findAllByTestId": [Function],
  "findAllByText": [Function],
  "findAllByTitle": [Function],
  "findByAltText": [Function],
  "findByDisplayValue": [Function],
  "findByLabelText": [Function],
  "findByPlaceholderText": [Function],
  "findByRole": [Function],
  "findByTestId": [Function],
  "findByText": [Function],
  "findByTitle": [Function],
  "getAllByAltText": [Function],
  "getAllByDisplayValue": [Function],
  "getAllByLabelText": [Function],
  "getAllByPlaceholderText": [Function],
  "getAllByRole": [Function],
  "getAllByTestId": [Function],
  "getAllByText": [Function],
  "getAllByTitle": [Function],
  "getByAltText": [Function],
  "getByDisplayValue": [Function],
  "getByLabelText": [Function],
  "getByPlaceholderText": [Function],
  "getByRole": [Function],
  "getByTestId": [Function],
  "getByText": [Function],
  "getByTitle": [Function],
  "queryAllByAltText": [Function],
  "queryAllByDisplayValue": [Function],
  "queryAllByLabelText": [Function],
  "queryAllByPlaceholderText": [Function],
  "queryAllByRole": [Function],
  "queryAllByTestId": [Function],
  "queryAllByText": [Function],
  "queryAllByTitle": [Function],
  "queryByAltText": [Function],
  "queryByDisplayValue": [Function],
  "queryByLabelText": [Function],
  "queryByPlaceholderText": [Function],
  "queryByRole": [Function],
  "queryByTestId": [Function],
  "queryByText": [Function],
  "queryByTitle": [Function],
  "rerender": [Function],
  "unmount": [Function],
}
`;
